// Jest Snapshot v1, https://goo.gl/fbAQLP

exports[`Index Page test snapshot 1`] = `
"<div class="container">
  <div>
    <logo-stub></logo-stub>
  </div>
</div>"
`;
